Archive member included to satisfy reference by file (symbol)

D:/STM32CubeIDE_1.19.0/STM32CubeIDE/plugins/com.st.stm32cube.ide.mcu.externaltools.gnu-tools-for-stm32.13.3.rel1.win32_1.0.0.202411081344/tools/bin/../lib/gcc/arm-none-eabi/13.3.1/../../../../arm-none-eabi/lib/thumb/v6-m/nofp\libc_nano.a(libc_a-exit.o)
                              D:/STM32CubeIDE_1.19.0/STM32CubeIDE/plugins/com.st.stm32cube.ide.mcu.externaltools.gnu-tools-for-stm32.13.3.rel1.win32_1.0.0.202411081344/tools/bin/../lib/gcc/arm-none-eabi/13.3.1/../../../../arm-none-eabi/lib/thumb/v6-m/nofp/crt0.o (exit)
D:/STM32CubeIDE_1.19.0/STM32CubeIDE/plugins/com.st.stm32cube.ide.mcu.externaltools.gnu-tools-for-stm32.13.3.rel1.win32_1.0.0.202411081344/tools/bin/../lib/gcc/arm-none-eabi/13.3.1/../../../../arm-none-eabi/lib/thumb/v6-m/nofp\libc_nano.a(libc_a-findfp.o)
                              D:/STM32CubeIDE_1.19.0/STM32CubeIDE/plugins/com.st.stm32cube.ide.mcu.externaltools.gnu-tools-for-stm32.13.3.rel1.win32_1.0.0.202411081344/tools/bin/../lib/gcc/arm-none-eabi/13.3.1/../../../../arm-none-eabi/lib/thumb/v6-m/nofp\libc_nano.a(libc_a-exit.o) (__stdio_exit_handler)
D:/STM32CubeIDE_1.19.0/STM32CubeIDE/plugins/com.st.stm32cube.ide.mcu.externaltools.gnu-tools-for-stm32.13.3.rel1.win32_1.0.0.202411081344/tools/bin/../lib/gcc/arm-none-eabi/13.3.1/../../../../arm-none-eabi/lib/thumb/v6-m/nofp\libc_nano.a(libc_a-fwalk.o)
                              D:/STM32CubeIDE_1.19.0/STM32CubeIDE/plugins/com.st.stm32cube.ide.mcu.externaltools.gnu-tools-for-stm32.13.3.rel1.win32_1.0.0.202411081344/tools/bin/../lib/gcc/arm-none-eabi/13.3.1/../../../../arm-none-eabi/lib/thumb/v6-m/nofp\libc_nano.a(libc_a-findfp.o) (_fwalk_sglue)
D:/STM32CubeIDE_1.19.0/STM32CubeIDE/plugins/com.st.stm32cube.ide.mcu.externaltools.gnu-tools-for-stm32.13.3.rel1.win32_1.0.0.202411081344/tools/bin/../lib/gcc/arm-none-eabi/13.3.1/../../../../arm-none-eabi/lib/thumb/v6-m/nofp\libc_nano.a(libc_a-stdio.o)
                              D:/STM32CubeIDE_1.19.0/STM32CubeIDE/plugins/com.st.stm32cube.ide.mcu.externaltools.gnu-tools-for-stm32.13.3.rel1.win32_1.0.0.202411081344/tools/bin/../lib/gcc/arm-none-eabi/13.3.1/../../../../arm-none-eabi/lib/thumb/v6-m/nofp\libc_nano.a(libc_a-findfp.o) (__sread)
D:/STM32CubeIDE_1.19.0/STM32CubeIDE/plugins/com.st.stm32cube.ide.mcu.externaltools.gnu-tools-for-stm32.13.3.rel1.win32_1.0.0.202411081344/tools/bin/../lib/gcc/arm-none-eabi/13.3.1/../../../../arm-none-eabi/lib/thumb/v6-m/nofp\libc_nano.a(libc_a-memset.o)
                              D:/STM32CubeIDE_1.19.0/STM32CubeIDE/plugins/com.st.stm32cube.ide.mcu.externaltools.gnu-tools-for-stm32.13.3.rel1.win32_1.0.0.202411081344/tools/bin/../lib/gcc/arm-none-eabi/13.3.1/../../../../arm-none-eabi/lib/thumb/v6-m/nofp/crt0.o (memset)
D:/STM32CubeIDE_1.19.0/STM32CubeIDE/plugins/com.st.stm32cube.ide.mcu.externaltools.gnu-tools-for-stm32.13.3.rel1.win32_1.0.0.202411081344/tools/bin/../lib/gcc/arm-none-eabi/13.3.1/../../../../arm-none-eabi/lib/thumb/v6-m/nofp\libc_nano.a(libc_a-closer.o)
                              D:/STM32CubeIDE_1.19.0/STM32CubeIDE/plugins/com.st.stm32cube.ide.mcu.externaltools.gnu-tools-for-stm32.13.3.rel1.win32_1.0.0.202411081344/tools/bin/../lib/gcc/arm-none-eabi/13.3.1/../../../../arm-none-eabi/lib/thumb/v6-m/nofp\libc_nano.a(libc_a-stdio.o) (_close_r)
D:/STM32CubeIDE_1.19.0/STM32CubeIDE/plugins/com.st.stm32cube.ide.mcu.externaltools.gnu-tools-for-stm32.13.3.rel1.win32_1.0.0.202411081344/tools/bin/../lib/gcc/arm-none-eabi/13.3.1/../../../../arm-none-eabi/lib/thumb/v6-m/nofp\libc_nano.a(libc_a-reent.o)
                              D:/STM32CubeIDE_1.19.0/STM32CubeIDE/plugins/com.st.stm32cube.ide.mcu.externaltools.gnu-tools-for-stm32.13.3.rel1.win32_1.0.0.202411081344/tools/bin/../lib/gcc/arm-none-eabi/13.3.1/../../../../arm-none-eabi/lib/thumb/v6-m/nofp\libc_nano.a(libc_a-closer.o) (errno)
D:/STM32CubeIDE_1.19.0/STM32CubeIDE/plugins/com.st.stm32cube.ide.mcu.externaltools.gnu-tools-for-stm32.13.3.rel1.win32_1.0.0.202411081344/tools/bin/../lib/gcc/arm-none-eabi/13.3.1/../../../../arm-none-eabi/lib/thumb/v6-m/nofp\libc_nano.a(libc_a-impure.o)
                              D:/STM32CubeIDE_1.19.0/STM32CubeIDE/plugins/com.st.stm32cube.ide.mcu.externaltools.gnu-tools-for-stm32.13.3.rel1.win32_1.0.0.202411081344/tools/bin/../lib/gcc/arm-none-eabi/13.3.1/../../../../arm-none-eabi/lib/thumb/v6-m/nofp\libc_nano.a(libc_a-reent.o) (_impure_ptr)
D:/STM32CubeIDE_1.19.0/STM32CubeIDE/plugins/com.st.stm32cube.ide.mcu.externaltools.gnu-tools-for-stm32.13.3.rel1.win32_1.0.0.202411081344/tools/bin/../lib/gcc/arm-none-eabi/13.3.1/../../../../arm-none-eabi/lib/thumb/v6-m/nofp\libc_nano.a(libc_a-lseekr.o)
                              D:/STM32CubeIDE_1.19.0/STM32CubeIDE/plugins/com.st.stm32cube.ide.mcu.externaltools.gnu-tools-for-stm32.13.3.rel1.win32_1.0.0.202411081344/tools/bin/../lib/gcc/arm-none-eabi/13.3.1/../../../../arm-none-eabi/lib/thumb/v6-m/nofp\libc_nano.a(libc_a-stdio.o) (_lseek_r)
[...]
Memory Configuration

Name             Origin             Length             Attributes
RAM              0x20000000         0x00006000         xrw
FLASH            0x08000000         0x00020000         xr
*default*        0x00000000         0xffffffff

Linker script and memory map

LOAD D:/STM32CubeIDE_1.19.0/STM32CubeIDE/plugins/com.st.stm32cube.ide.mcu.externaltools.gnu-tools-for-stm32.13.3.rel1.win32_1.0.0.202411081344/tools/bin/../lib/gcc/arm-none-eabi/13.3.1/thumb/v6-m/nofp/crti.o
LOAD D:/STM32CubeIDE_1.19.0/STM32CubeIDE/plugins/com.st.stm32cube.ide.mcu.externaltools.gnu-tools-for-stm32.13.3.rel1.win32_1.0.0.202411081344/tools/bin/../lib/gcc/arm-none-eabi/13.3.1/thumb/v6-m/nofp/crtbegin.o
LOAD D:/STM32CubeIDE_1.19.0/STM32CubeIDE/plugins/com.st.stm32cube.ide.mcu.externaltools.gnu-tools-for-stm32.13.3.rel1.win32_1.0.0.202411081344/tools/bin/../lib/gcc/arm-none-eabi/13.3.1/../../../../arm-none-eabi/lib/thumb/v6-m/nofp/crt0.o
LOAD ./Core/Src/main.o
LOAD ./Core/Src/stm32c0xx_hal_msp.o
LOAD ./Core/Src/stm32c0xx_it.o
LOAD ./Core/Src/syscalls.o
LOAD ./Core/Src/sysmem.o
LOAD ./Core/Src/system_stm32c0xx.o
LOAD ./Core/Startup/startup_stm32c071rbtx.o
LOAD ./Drivers/BSP/STM32C0xx_Nucleo/stm32c0xx_nucleo.o
LOAD ./Drivers/STM32C0xx_HAL_Driver/Src/stm32c0xx_hal.o
LOAD ./Drivers/STM32C0xx_HAL_Driver/Src/stm32c0xx_hal_adc.o
LOAD ./Drivers/STM32C0xx_HAL_Driver/Src/stm32c0xx_hal_adc_ex.o
LOAD ./Drivers/STM32C0xx_HAL_Driver/Src/stm32c0xx_hal_cortex.o
LOAD ./Drivers/STM32C0xx_HAL_Driver/Src/stm32c0xx_hal_dma.o
LOAD ./Drivers/STM32C0xx_HAL_Driver/Src/stm32c0xx_hal_dma_ex.o
LOAD ./Drivers/STM32C0xx_HAL_Driver/Src/stm32c0xx_hal_exti.o
LOAD ./Drivers/STM32C0xx_HAL_Driver/Src/stm32c0xx_hal_flash.o
LOAD ./Drivers/STM32C0xx_HAL_Driver/Src/stm32c0xx_hal_flash_ex.o
LOAD ./Drivers/STM32C0xx_HAL_Driver/Src/stm32c0xx_hal_gpio.o
LOAD ./Drivers/STM32C0xx_HAL_Driver/Src/stm32c0xx_hal_pwr.o
LOAD ./Drivers/STM32C0xx_HAL_Driver/Src/stm32c0xx_hal_pwr_ex.o
LOAD ./Drivers/STM32C0xx_HAL_Driver/Src/stm32c0xx_hal_rcc.o
LOAD ./Drivers/STM32C0xx_HAL_Driver/Src/stm32c0xx_hal_rcc_ex.o
LOAD ./Drivers/STM32C0xx_HAL_Driver/Src/stm32c0xx_hal_tim.o
LOAD ./Drivers/STM32C0xx_HAL_Driver/Src/stm32c0xx_hal_tim_ex.o
LOAD ./Drivers/STM32C0xx_HAL_Driver/Src/stm32c0xx_hal_uart.o
LOAD ./Drivers/STM32C0xx_HAL_Driver/Src/stm32c0xx_hal_uart_ex.o
LOAD ./Drivers/STM32C0xx_HAL_Driver/Src/stm32c0xx_hal_usart.o
LOAD ./Drivers/STM32C0xx_HAL_Driver/Src/stm32c0xx_hal_usart_ex.o
START GROUP
LOAD D:/STM32CubeIDE_1.19.0/STM32CubeIDE/plugins/com.st.stm32cube.ide.mcu.externaltools.gnu-tools-for-stm32.13.3.rel1.win32_1.0.0.202411081344/tools/bin/../lib/gcc/arm-none-eabi/13.3.1/../../../../arm-none-eabi/lib/thumb/v6-m/nofp\libc_nano.a
LOAD D:/STM32CubeIDE_1.19.0/STM32CubeIDE/plugins/com.st.stm32cube.ide.mcu.externaltools.gnu-tools-for-stm32.13.3.rel1.win32_1.0.0.202411081344/tools/bin/../lib/gcc/arm-none-eabi/13.3.1/../../../../arm-none-eabi/lib/thumb/v6-m/nofp\libm.a
END GROUP
START GROUP
LOAD D:/STM32CubeIDE_1.19.0/STM32CubeIDE/plugins/com.st.stm32cube.ide.mcu.externaltools.gnu-tools-for-stm32.13.3.rel1.win32_1.0.0.202411081344/tools/bin/../lib/gcc/arm-none-eabi/13.3.1/thumb/v6-m/nofp\libgcc.a
LOAD D:/STM32CubeIDE_1.19.0/STM32CubeIDE/plugins/com.st.stm32cube.ide.mcu.externaltools.gnu-tools-for-stm32.13.3.rel1.win32_1.0.0.202411081344/tools/bin/../lib/gcc/arm-none-eabi/13.3.1/../../../../arm-none-eabi/lib/thumb/v6-m/nofp\libc_nano.a
END GROUP
START GROUP
LOAD D:/STM32CubeIDE_1.19.0/STM32CubeIDE/plugins/com.st.stm32cube.ide.mcu.externaltools.gnu-tools-for-stm32.13.3.rel1.win32_1.0.0.202411081344/tools/bin/../lib/gcc/arm-none-eabi/13.3.1/thumb/v6-m/nofp\libgcc.a
LOAD D:/STM32CubeIDE_1.19.0/STM32CubeIDE/plugins/com.st.stm32cube.ide.mcu.externaltools.gnu-tools-for-stm32.13.3.rel1.win32_1.0.0.202411081344/tools/bin/../lib/gcc/arm-none-eabi/13.3.1/../../../../arm-none-eabi/lib/thumb/v6-m/nofp\libc_nano.a
LOAD D:/STM32CubeIDE_1.19.0/STM32CubeIDE/plugins/com.st.stm32cube.ide.mcu.externaltools.gnu-tools-for-stm32.13.3.rel1.win32_1.0.0.202411081344/tools/bin/../lib/gcc/arm-none-eabi/13.3.1/../../../../arm-none-eabi/lib/thumb/v6-m/nofp\libnosys.a
END GROUP
START GROUP
LOAD D:/STM32CubeIDE_1.19.0/STM32CubeIDE/plugins/com.st.stm32cube.ide.mcu.externaltools.gnu-tools-for-stm32.13.3.rel1.win32_1.0.0.202411081344/tools/bin/../lib/gcc/arm-none-eabi/13.3.1/thumb/v6-m/nofp\libgcc.a
LOAD D:/STM32CubeIDE_1.19.0/STM32CubeIDE/plugins/com.st.stm32cube.ide.mcu.externaltools.gnu-tools-for-stm32.13.3.rel1.win32_1.0.0.202411081344/tools/bin/../lib/gcc/arm-none-eabi/13.3.1/../../../../arm-none-eabi/lib/thumb/v6-m/nofp\libc_nano.a
LOAD D:/STM32CubeIDE_1.19.0/STM32CubeIDE/plugins/com.st.stm32cube.ide.mcu.externaltools.gnu-tools-for-stm32.13.3.rel1.win32_1.0.0.202411081344/tools/bin/../lib/gcc/arm-none-eabi/13.3.1/../../../../arm-none-eabi/lib/thumb/v6-m/nofp\libnosys.a
END GROUP
LOAD D:/STM32CubeIDE_1.19.0/STM32CubeIDE/plugins/com.st.stm32cube.ide.mcu.externaltools.gnu-tools-for-stm32.13.3.rel1.win32_1.0.0.202411081344/tools/bin/../lib/gcc/arm-none-eabi/13.3.1/thumb/v6-m/nofp/crtend.o
LOAD D:/STM32CubeIDE_1.19.0/STM32CubeIDE/plugins/com.st.stm32cube.ide.mcu.externaltools.gnu-tools-for-stm32.13.3.rel1.win32_1.0.0.202411081344/tools/bin/../lib/gcc/arm-none-eabi/13.3.1/thumb/v6-m/nofp/crtn.o
                0x20006000                        _estack = (ORIGIN (RAM) + LENGTH (RAM))
                0x00000200                        _Min_Heap_Size = 0x200
                0x00000400                        _Min_Stack_Size = 0x400

.isr_vector     0x08000000       0xc0
                0x08000000                        . = ALIGN (0x4)
 *(.isr_vector)
 .isr_vector    0x08000000       0xc0 ./Core/Startup/startup_stm32c071rbtx.o
                0x08000000                g_pfnVectors
                0x080000c0                        . = ALIGN (0x4)

.text           0x080000c0     0x41d8
                0x080000c0                        . = ALIGN (0x4)
 *(.text)
 .text          0x080000c0       0x48 D:/STM32CubeIDE_1.19.0/STM32CubeIDE/plugins/com.st.stm32cube.ide.mcu.externaltools.gnu-tools-for-stm32.13.3.rel1.win32_1.0.0.202411081344/tools/bin/../lib/gcc/arm-none-eabi/13.3.1/thumb/v6-m/nofp/crtbegin.o
 .text          0x08000108      0x114 D:/STM32CubeIDE_1.19.0/STM32CubeIDE/plugins/com.st.stm32cube.ide.mcu.externaltools.gnu-tools-for-stm32.13.3.rel1.win32_1.0.0.202411081344/tools/bin/../lib/gcc/arm-none-eabi/13.3.1/thumb/v6-m/nofp\libgcc.a(_udivsi3.o)
                0x08000108                __aeabi_uidiv
                0x08000108                __udivsi3
                0x08000214                __aeabi_uidivmod
 .text          0x0800021c        0x4 D:/STM32CubeIDE_1.19.0/STM32CubeIDE/plugins/com.st.stm32cube.ide.mcu.externaltools.gnu-tools-for-stm32.13.3.rel1.win32_1.0.0.202411081344/tools/bin/../lib/gcc/arm-none-eabi/13.3.1/thumb/v6-m/nofp\libgcc.a(_dvmd_tls.o)
                0x0800021c                __aeabi_idiv0
                0x0800021c                __aeabi_ldiv0
 *(.text*)
 .text.main     0x08000220       0xe0 ./Core/Src/main.o
                0x08000220                main
 .text.SystemClock_Config
                0x08000300       0x98 ./Core/Src/main.o
                0x08000300                SystemClock_Config
 .text.MX_ADC1_Init
                0x08000398       0xcc ./Core/Src/main.o
 .text.MX_TIM3_Init
                0x08000464      0x100 ./Core/Src/main.o
 .text.MX_GPIO_Init
                0x08000564       0x2c ./Core/Src/main.o
 .text.Error_Handler
                0x08000590        0xc ./Core/Src/main.o
                0x08000590                Error_Handler
 .text.HAL_MspInit
                0x0800059c       0x48 ./Core/Src/stm32c0xx_hal_msp.o
                0x0800059c                HAL_MspInit
 .text.HAL_ADC_MspInit
                0x080005e4       0xb4 ./Core/Src/stm32c0xx_hal_msp.o
                0x080005e4                HAL_ADC_MspInit
 .text.HAL_TIM_Base_MspInit
                0x08000698       0x3c ./Core/Src/stm32c0xx_hal_msp.o
                0x08000698                HAL_TIM_Base_MspInit
 .text.HAL_TIM_MspPostInit
                0x080006d4       0x78 ./Core/Src/stm32c0xx_hal_msp.o
                0x080006d4                HAL_TIM_MspPostInit
 .text.NMI_Handler
                0x0800074c        0x8 ./Core/Src/stm32c0xx_it.o
                0x0800074c                NMI_Handler
 .text.HardFault_Handler
                0x08000754        0x8 ./Core/Src/stm32c0xx_it.o
                0x08000754                HardFault_Handler
 .text.SVC_Handler
                0x0800075c        0xa ./Core/Src/stm32c0xx_it.o
                0x0800075c                SVC_Handler
 .text.PendSV_Handler
                0x08000766        0xa ./Core/Src/stm32c0xx_it.o
                0x08000766                PendSV_Handler
 .text.SysTick_Handler
                0x08000770        0xe ./Core/Src/stm32c0xx_it.o
                0x08000770                SysTick_Handler
 .text.EXTI4_15_IRQHandler
                0x0800077e       0x10 ./Core/Src/stm32c0xx_it.o
                0x0800077e                EXTI4_15_IRQHandler
 *fill*         0x0800078e        0x2 
 .text.SystemInit
                0x08000790       0x18 ./Core/Src/system_stm32c0xx.o
                0x08000790                SystemInit
 .text.Reset_Handler
                0x080007a8       0x50 ./Core/Startup/startup_stm32c071rbtx.o
                0x080007a8                Reset_Handler
 .text.Default_Handler
                0x080007f8        0x2 ./Core/Startup/startup_stm32c071rbtx.o
                0x080007f8                TIM1_CC_IRQHandler
                0x080007f8                USB_DRD_FS_IRQHandler
                0x080007f8                I2C1_IRQHandler
                0x080007f8                RCC_CRS_IRQHandler
                0x080007f8                SPI1_IRQHandler
                0x080007f8                EXTI2_3_IRQHandler
                0x080007f8                ADC1_IRQHandler
                0x080007f8                I2C2_IRQHandler
                0x080007f8                TIM17_IRQHandler
                0x080007f8                RTC_IRQHandler
                0x080007f8                PVD_VDDIO2_IRQHandler
                0x080007f8                TIM16_IRQHandler
                0x080007f8                TIM3_IRQHandler
                0x080007f8                DMA1_Channel1_IRQHandler
                0x080007f8                Default_Handler
                0x080007f8                TIM14_IRQHandler
                0x080007f8                EXTI0_1_IRQHandler
                0x080007f8                SPI2_IRQHandler
                0x080007f8                WWDG_IRQHandler
                0x080007f8                TIM2_IRQHandler
                0x080007f8                DMA1_Channel2_3_IRQHandler
                0x080007f8                DMAMUX1_DMA1_CH4_5_IRQHandler
                0x080007f8                USART2_IRQHandler
                0x080007f8                FLASH_IRQHandler
                0x080007f8                USART1_IRQHandler
                0x080007f8                TIM1_BRK_UP_TRG_COM_IRQHandler
 *fill*         0x080007fa        0x2 
 .text.BSP_LED_Init
                0x080007fc       0xd4 ./Drivers/BSP/STM32C0xx_Nucleo/stm32c0xx_nucleo.o
                0x080007fc                BSP_LED_Init
 .text.BSP_PB_Init
                0x080008d0      0x108 ./Drivers/BSP/STM32C0xx_Nucleo/stm32c0xx_nucleo.o
                0x080008d0                BSP_PB_Init
 .text.BSP_PB_IRQHandler
                0x080009d8       0x30 ./Drivers/BSP/STM32C0xx_Nucleo/stm32c0xx_nucleo.o
                0x080009d8                BSP_PB_IRQHandler
 .text.BSP_PB_Callback
                0x08000a08       0x14 ./Drivers/BSP/STM32C0xx_Nucleo/stm32c0xx_nucleo.o
                0x08000a08                BSP_PB_Callback
 .text.BSP_COM_Init
                0x08000a1c       0x64 ./Drivers/BSP/STM32C0xx_Nucleo/stm32c0xx_nucleo.o
                0x08000a1c                BSP_COM_Init
 .text.MX_USART2_Init
                0x08000a80       0x6c ./Drivers/BSP/STM32C0xx_Nucleo/stm32c0xx_nucleo.o
                0x08000a80                MX_USART2_Init
 .text.BUTTON_USER_EXTI_Callback
                0x08000aec       0x10 ./Drivers/BSP/STM32C0xx_Nucleo/stm32c0xx_nucleo.o
 .text.COM1_MspInit
                0x08000afc       0xb0 ./Drivers/BSP/STM32C0xx_Nucleo/stm32c0xx_nucleo.o
 .text.HAL_Init
                0x08000bac       0x2e ./Drivers/STM32C0xx_HAL_Driver/Src/stm32c0xx_hal.o
                0x08000bac                HAL_Init
 *fill*         0x08000bda        0x2 
 .text.HAL_InitTick
                0x08000bdc       0x94 ./Drivers/STM32C0xx_HAL_Driver/Src/stm32c0xx_hal.o
                0x08000bdc                HAL_InitTick
 .text.HAL_IncTick
                0x08000c70       0x24 ./Drivers/STM32C0xx_HAL_Driver/Src/stm32c0xx_hal.o
                0x08000c70                HAL_IncTick
 .text.HAL_GetTick
                0x08000c94       0x14 ./Drivers/STM32C0xx_HAL_Driver/Src/stm32c0xx_hal.o
                0x08000c94                HAL_GetTick
 .text.HAL_Delay
                0x08000ca8       0x48 ./Drivers/STM32C0xx_HAL_Driver/Src/stm32c0xx_hal.o
                0x08000ca8                HAL_Delay
 .text.LL_ADC_SetCommonPathInternalCh
                0x08000cf0       0x28 ./Drivers/STM32C0xx_HAL_Driver/Src/stm32c0xx_hal_adc.o
 .text.LL_ADC_GetCommonPathInternalCh
                0x08000d18       0x1a ./Drivers/STM32C0xx_HAL_Driver/Src/stm32c0xx_hal_adc.o
 .text.LL_ADC_SetSamplingTimeCommonChannels
                0x08000d32       0x3a ./Drivers/STM32C0xx_HAL_Driver/Src/stm32c0xx_hal_adc.o
 .text.LL_ADC_GetSamplingTimeCommonChannels
                0x08000d6c       0x2e ./Drivers/STM32C0xx_HAL_Driver/Src/stm32c0xx_hal_adc.o
 .text.LL_ADC_REG_IsTriggerSourceSWStart
                0x08000d9a       0x22 ./Drivers/STM32C0xx_HAL_Driver/Src/stm32c0xx_hal_adc.o
 .text.LL_ADC_REG_SetSequencerRanks
                0x08000dbc       0x40 ./Drivers/STM32C0xx_HAL_Driver/Src/stm32c0xx_hal_adc.o
 .text.LL_ADC_REG_SetSequencerChAdd
                0x08000dfc       0x22 ./Drivers/STM32C0xx_HAL_Driver/Src/stm32c0xx_hal_adc.o
 .text.LL_ADC_REG_SetSequencerChRem
                0x08000e1e       0x24 ./Drivers/STM32C0xx_HAL_Driver/Src/stm32c0xx_hal_adc.o
 *fill*         0x08000e42        0x2 
 .text.LL_ADC_SetChannelSamplingTime
                0x08000e44       0x38 ./Drivers/STM32C0xx_HAL_Driver/Src/stm32c0xx_hal_adc.o
 .text.LL_ADC_EnableInternalRegulator
                0x08000e7c       0x28 ./Drivers/STM32C0xx_HAL_Driver/Src/stm32c0xx_hal_adc.o
 .text.LL_ADC_IsInternalRegulatorEnabled
                0x08000ea4       0x28 ./Drivers/STM32C0xx_HAL_Driver/Src/stm32c0xx_hal_adc.o
 .text.LL_ADC_Enable
                0x08000ecc       0x24 ./Drivers/STM32C0xx_HAL_Driver/Src/stm32c0xx_hal_adc.o
 .text.LL_ADC_Disable
                0x08000ef0       0x24 ./Drivers/STM32C0xx_HAL_Driver/Src/stm32c0xx_hal_adc.o
 .text.LL_ADC_IsEnabled
                0x08000f14       0x22 ./Drivers/STM32C0xx_HAL_Driver/Src/stm32c0xx_hal_adc.o
 .text.LL_ADC_IsDisableOngoing
                0x08000f36       0x22 ./Drivers/STM32C0xx_HAL_Driver/Src/stm32c0xx_hal_adc.o
 .text.LL_ADC_REG_StartConversion
                0x08000f58       0x24 ./Drivers/STM32C0xx_HAL_Driver/Src/stm32c0xx_hal_adc.o
 .text.LL_ADC_REG_StopConversion
                0x08000f7c       0x24 ./Drivers/STM32C0xx_HAL_Driver/Src/stm32c0xx_hal_adc.o
 .text.LL_ADC_REG_IsConversionOngoing
                0x08000fa0       0x22 ./Drivers/STM32C0xx_HAL_Driver/Src/stm32c0xx_hal_adc.o
 *fill*         0x08000fc2        0x2 
 .text.HAL_ADC_Init
                0x08000fc4      0x34c ./Drivers/STM32C0xx_HAL_Driver/Src/stm32c0xx_hal_adc.o
                0x08000fc4                HAL_ADC_Init
 .text.HAL_ADC_Start
                0x08001310       0x9c ./Drivers/STM32C0xx_HAL_Driver/Src/stm32c0xx_hal_adc.o
                0x08001310                HAL_ADC_Start
 .text.HAL_ADC_Stop
                0x080013ac       0x78 ./Drivers/STM32C0xx_HAL_Driver/Src/stm32c0xx_hal_adc.o
                0x080013ac                HAL_ADC_Stop
 .text.HAL_ADC_PollForConversion
                0x08001424      0x11c ./Drivers/STM32C0xx_HAL_Driver/Src/stm32c0xx_hal_adc.o
                0x08001424                HAL_ADC_PollForConversion
 .text.HAL_ADC_GetValue
                0x08001540       0x16 ./Drivers/STM32C0xx_HAL_Driver/Src/stm32c0xx_hal_adc.o
                0x08001540                HAL_ADC_GetValue
 *fill*         0x08001556        0x2 
 .text.HAL_ADC_ConfigChannel
                0x08001558      0x3ac ./Drivers/STM32C0xx_HAL_Driver/Src/stm32c0xx_hal_adc.o
                0x08001558                HAL_ADC_ConfigChannel
 .text.ADC_ConversionStop
                0x08001904       0x78 ./Drivers/STM32C0xx_HAL_Driver/Src/stm32c0xx_hal_adc.o
                0x08001904                ADC_ConversionStop
 .text.ADC_Enable
                0x0800197c       0xfc ./Drivers/STM32C0xx_HAL_Driver/Src/stm32c0xx_hal_adc.o
                0x0800197c                ADC_Enable
 .text.ADC_Disable
                0x08001a78       0xb0 ./Drivers/STM32C0xx_HAL_Driver/Src/stm32c0xx_hal_adc.o
                0x08001a78                ADC_Disable
 .text.__NVIC_EnableIRQ
                0x08001b28       0x34 ./Drivers/STM32C0xx_HAL_Driver/Src/stm32c0xx_hal_cortex.o
 .text.__NVIC_SetPriority
                0x08001b5c       0xdc ./Drivers/STM32C0xx_HAL_Driver/Src/stm32c0xx_hal_cortex.o
 .text.SysTick_Config
                0x08001c38       0x48 ./Drivers/STM32C0xx_HAL_Driver/Src/stm32c0xx_hal_cortex.o
 .text.HAL_NVIC_SetPriority
                0x08001c80       0x2a ./Drivers/STM32C0xx_HAL_Driver/Src/stm32c0xx_hal_cortex.o
                0x08001c80                HAL_NVIC_SetPriority
 .text.HAL_NVIC_EnableIRQ
                0x08001caa       0x20 ./Drivers/STM32C0xx_HAL_Driver/Src/stm32c0xx_hal_cortex.o
                0x08001caa                HAL_NVIC_EnableIRQ
 .text.HAL_SYSTICK_Config
                0x08001cca       0x1a ./Drivers/STM32C0xx_HAL_Driver/Src/stm32c0xx_hal_cortex.o
                0x08001cca                HAL_SYSTICK_Config
 .text.HAL_EXTI_RegisterCallback
                0x08001ce4       0x64 ./Drivers/STM32C0xx_HAL_Driver/Src/stm32c0xx_hal_exti.o
                0x08001ce4                HAL_EXTI_RegisterCallback
 .text.HAL_EXTI_GetHandle
                0x08001d48       0x24 ./Drivers/STM32C0xx_HAL_Driver/Src/stm32c0xx_hal_exti.o
                0x08001d48                HAL_EXTI_GetHandle
 .text.HAL_EXTI_IRQHandler
                0x08001d6c       0x94 ./Drivers/STM32C0xx_HAL_Driver/Src/stm32c0xx_hal_exti.o
                0x08001d6c                HAL_EXTI_IRQHandler
 .text.HAL_GPIO_Init
                0x08001e00      0x2e4 ./Drivers/STM32C0xx_HAL_Driver/Src/stm32c0xx_hal_gpio.o
                0x08001e00                HAL_GPIO_Init
 .text.HAL_GPIO_WritePin
                0x080020e4       0x3a ./Drivers/STM32C0xx_HAL_Driver/Src/stm32c0xx_hal_gpio.o
                0x080020e4                HAL_GPIO_WritePin
 *fill*         0x0800211e        0x2 
 .text.HAL_RCC_OscConfig
                0x08002120      0x44c ./Drivers/STM32C0xx_HAL_Driver/Src/stm32c0xx_hal_rcc.o
                0x08002120                HAL_RCC_OscConfig
 .text.HAL_RCC_ClockConfig
                0x0800256c      0x230 ./Drivers/STM32C0xx_HAL_Driver/Src/stm32c0xx_hal_rcc.o
                0x0800256c                HAL_RCC_ClockConfig
 .text.HAL_RCC_GetSysClockFreq
                0x0800279c       0xb0 ./Drivers/STM32C0xx_HAL_Driver/Src/stm32c0xx_hal_rcc.o
                0x0800279c                HAL_RCC_GetSysClockFreq
 .text.HAL_RCC_GetHCLKFreq
                0x0800284c       0x3c ./Drivers/STM32C0xx_HAL_Driver/Src/stm32c0xx_hal_rcc.o
                0x0800284c                HAL_RCC_GetHCLKFreq
 .text.HAL_RCC_GetPCLK1Freq
                0x08002888       0x30 ./Drivers/STM32C0xx_HAL_Driver/Src/stm32c0xx_hal_rcc.o
                0x08002888                HAL_RCC_GetPCLK1Freq
 .text.HAL_RCCEx_PeriphCLKConfig
                0x080028b8      0x1f8 ./Drivers/STM32C0xx_HAL_Driver/Src/stm32c0xx_hal_rcc_ex.o
                0x080028b8                HAL_RCCEx_PeriphCLKConfig
 .text.HAL_TIM_Base_Init
                0x08002ab0       0xb0 ./Drivers/STM32C0xx_HAL_Driver/Src/stm32c0xx_hal_tim.o
                0x08002ab0                HAL_TIM_Base_Init
 .text.HAL_TIM_PWM_Init
                0x08002b60       0xb0 ./Drivers/STM32C0xx_HAL_Driver/Src/stm32c0xx_hal_tim.o
                0x08002b60                HAL_TIM_PWM_Init
 .text.HAL_TIM_PWM_MspInit
                0x08002c10       0x10 ./Drivers/STM32C0xx_HAL_Driver/Src/stm32c0xx_hal_tim.o
                0x08002c10                HAL_TIM_PWM_MspInit
 .text.HAL_TIM_PWM_Start
                0x08002c20      0x1bc ./Drivers/STM32C0xx_HAL_Driver/Src/stm32c0xx_hal_tim.o
                0x08002c20                HAL_TIM_PWM_Start
 .text.HAL_TIM_PWM_ConfigChannel
                0x08002ddc      0x200 ./Drivers/STM32C0xx_HAL_Driver/Src/stm32c0xx_hal_tim.o
                0x08002ddc                HAL_TIM_PWM_ConfigChannel
 .text.HAL_TIM_ConfigClockSource
                0x08002fdc      0x1ac ./Drivers/STM32C0xx_HAL_Driver/Src/stm32c0xx_hal_tim.o
                0x08002fdc                HAL_TIM_ConfigClockSource
 .text.TIM_Base_SetConfig
                0x08003188       0xf8 ./Drivers/STM32C0xx_HAL_Driver/Src/stm32c0xx_hal_tim.o
                0x08003188                TIM_Base_SetConfig
 .text.TIM_OC1_SetConfig
                0x08003280      0x100 ./Drivers/STM32C0xx_HAL_Driver/Src/stm32c0xx_hal_tim.o
 .text.TIM_OC2_SetConfig
                0x08003380       0xfc ./Drivers/STM32C0xx_HAL_Driver/Src/stm32c0xx_hal_tim.o
                0x08003380                TIM_OC2_SetConfig
 .text.TIM_OC3_SetConfig
                0x0800347c      0x104 ./Drivers/STM32C0xx_HAL_Driver/Src/stm32c0xx_hal_tim.o
 .text.TIM_OC4_SetConfig
                0x08003580       0xc8 ./Drivers/STM32C0xx_HAL_Driver/Src/stm32c0xx_hal_tim.o
 .text.TIM_OC5_SetConfig
                0x08003648       0xb4 ./Drivers/STM32C0xx_HAL_Driver/Src/stm32c0xx_hal_tim.o
 .text.TIM_OC6_SetConfig
                0x080036fc       0xbc ./Drivers/STM32C0xx_HAL_Driver/Src/stm32c0xx_hal_tim.o
 .text.TIM_TI1_ConfigInputStage
                0x080037b8       0x5c ./Drivers/STM32C0xx_HAL_Driver/Src/stm32c0xx_hal_tim.o
 .text.TIM_TI2_ConfigInputStage
                0x08003814       0x64 ./Drivers/STM32C0xx_HAL_Driver/Src/stm32c0xx_hal_tim.o
 .text.TIM_ITRx_SetConfig
                0x08003878       0x38 ./Drivers/STM32C0xx_HAL_Driver/Src/stm32c0xx_hal_tim.o
 .text.TIM_ETR_SetConfig
                0x080038b0       0x40 ./Drivers/STM32C0xx_HAL_Driver/Src/stm32c0xx_hal_tim.o
                0x080038b0                TIM_ETR_SetConfig
 .text.TIM_CCxChannelCmd
                0x080038f0       0x46 ./Drivers/STM32C0xx_HAL_Driver/Src/stm32c0xx_hal_tim.o
                0x080038f0                TIM_CCxChannelCmd
 *fill*         0x08003936        0x2 
 .text.HAL_TIMEx_MasterConfigSynchronization
                0x08003938       0xd0 ./Drivers/STM32C0xx_HAL_Driver/Src/stm32c0xx_hal_tim_ex.o
                0x08003938                HAL_TIMEx_MasterConfigSynchronization
 .text.HAL_UART_Init
                0x08003a08       0xac ./Drivers/STM32C0xx_HAL_Driver/Src/stm32c0xx_hal_uart.o
                0x08003a08                HAL_UART_Init
 .text.HAL_UART_MspInit
                0x08003ab4       0x10 ./Drivers/STM32C0xx_HAL_Driver/Src/stm32c0xx_hal_uart.o
                0x08003ab4                HAL_UART_MspInit
 .text.UART_SetConfig
                0x08003ac4      0x2fc ./Drivers/STM32C0xx_HAL_Driver/Src/stm32c0xx_hal_uart.o
                0x08003ac4                UART_SetConfig
 .text.UART_AdvFeatureConfig
                0x08003dc0      0x168 ./Drivers/STM32C0xx_HAL_Driver/Src/stm32c0xx_hal_uart.o
                0x08003dc0                UART_AdvFeatureConfig
 .text.UART_CheckIdleState
                0x08003f28      0x154 ./Drivers/STM32C0xx_HAL_Driver/Src/stm32c0xx_hal_uart.o
                0x08003f28                UART_CheckIdleState
 .text.UART_WaitOnFlagUntilTimeout
                0x0800407c       0xde ./Drivers/STM32C0xx_HAL_Driver/Src/stm32c0xx_hal_uart.o
                0x0800407c                UART_WaitOnFlagUntilTimeout
 *fill*         0x0800415a        0x2 
 .text.UART_EndRxTransfer
                0x0800415c       0xcc ./Drivers/STM32C0xx_HAL_Driver/Src/stm32c0xx_hal_uart.o
 .text.memset   0x08004228       0x10 D:/STM32CubeIDE_1.19.0/STM32CubeIDE/plugins/com.st.stm32cube.ide.mcu.externaltools.gnu-tools-for-stm32.13.3.rel1.win32_1.0.0.202411081344/tools/bin/../lib/gcc/arm-none-eabi/13.3.1/../../../../arm-none-eabi/lib/thumb/v6-m/nofp\libc_nano.a(libc_a-memset.o)
                0x08004228                memset
 .text.__libc_init_array
                0x08004238       0x48 D:/STM32CubeIDE_1.19.0/STM32CubeIDE/plugins/com.st.stm32cube.ide.mcu.externaltools.gnu-tools-for-stm32.13.3.rel1.win32_1.0.0.202411081344/tools/bin/../lib/gcc/arm-none-eabi/13.3.1/../../../../arm-none-eabi/lib/thumb/v6-m/nofp\libc_nano.a(libc_a-init.o)
                0x08004238                __libc_init_array
 *(.glue_7)
 .glue_7        0x08004280        0x0 linker stubs
 *(.glue_7t)
 .glue_7t       0x08004280        0x0 linker stubs
 *(.eh_frame)
 .eh_frame      0x08004280        0x0 D:/STM32CubeIDE_1.19.0/STM32CubeIDE/plugins/com.st.stm32cube.ide.mcu.externaltools.gnu-tools-for-stm32.13.3.rel1.win32_1.0.0.202411081344/tools/bin/../lib/gcc/arm-none-eabi/13.3.1/thumb/v6-m/nofp/crtbegin.o
 *(.init)
 .init          0x08004280        0x4 D:/STM32CubeIDE_1.19.0/STM32CubeIDE/plugins/com.st.stm32cube.ide.mcu.externaltools.gnu-tools-for-stm32.13.3.rel1.win32_1.0.0.202411081344/tools/bin/../lib/gcc/arm-none-eabi/13.3.1/thumb/v6-m/nofp/crti.o
                0x08004280                _init
 .init          0x08004284        0x8 D:/STM32CubeIDE_1.19.0/STM32CubeIDE/plugins/com.st.stm32cube.ide.mcu.externaltools.gnu-tools-for-stm32.13.3.rel1.win32_1.0.0.202411081344/tools/bin/../lib/gcc/arm-none-eabi/13.3.1/thumb/v6-m/nofp/crtn.o
 *(.fini)
 .fini          0x0800428c        0x4 D:/STM32CubeIDE_1.19.0/STM32CubeIDE/plugins/com.st.stm32cube.ide.mcu.externaltools.gnu-tools-for-stm32.13.3.rel1.win32_1.0.0.202411081344/tools/bin/../lib/gcc/arm-none-eabi/13.3.1/thumb/v6-m/nofp/crti.o
                0x0800428c                _fini
 .fini          0x08004290        0x8 D:/STM32CubeIDE_1.19.0/STM32CubeIDE/plugins/com.st.stm32cube.ide.mcu.externaltools.gnu-tools-for-stm32.13.3.rel1.win32_1.0.0.202411081344/tools/bin/../lib/gcc/arm-none-eabi/13.3.1/thumb/v6-m/nofp/crtn.o
                0x08004298                        . = ALIGN (0x4)
                0x08004298                        _etext = .

.vfp11_veneer   0x08004298        0x0
 .vfp11_veneer  0x08004298        0x0 linker stubs

.v4_bx          0x08004298        0x0
 .v4_bx         0x08004298        0x0 linker stubs

.iplt           0x08004298        0x0
 .iplt          0x08004298        0x0 D:/STM32CubeIDE_1.19.0/STM32CubeIDE/plugins/com.st.stm32cube.ide.mcu.externaltools.gnu-tools-for-stm32.13.3.rel1.win32_1.0.0.202411081344/tools/bin/../lib/gcc/arm-none-eabi/13.3.1/thumb/v6-m/nofp/crtbegin.o

.rodata         0x08004298       0xd4
                0x08004298                        . = ALIGN (0x4)
 *(.rodata)
 *(.rodata*)
 .rodata.AHBPrescTable
                0x08004298       0x40 ./Core/Src/system_stm32c0xx.o
                0x08004298                AHBPrescTable
 .rodata.APBPrescTable
                0x080042d8       0x20 ./Core/Src/system_stm32c0xx.o
                0x080042d8                APBPrescTable
 .rodata.LED_PIN
                0x080042f8        0x4 ./Drivers/BSP/STM32C0xx_Nucleo/stm32c0xx_nucleo.o
 .rodata.BUTTON_EXTI_LINE.2
                0x080042fc        0x4 ./Drivers/BSP/STM32C0xx_Nucleo/stm32c0xx_nucleo.o
 .rodata.HAL_TIM_PWM_ConfigChannel
                0x08004300       0x54 ./Drivers/STM32C0xx_HAL_Driver/Src/stm32c0xx_hal_tim.o
 .rodata.UARTPrescTable
                0x08004354       0x18 ./Drivers/STM32C0xx_HAL_Driver/Src/stm32c0xx_hal_uart.o
                0x08004354                UARTPrescTable
                0x0800436c                        . = ALIGN (0x4)

.ARM.extab      0x0800436c        0x0
                0x0800436c                        . = ALIGN (0x4)
 *(.ARM.extab* .gnu.linkonce.armextab.*)
                0x0800436c                        . = ALIGN (0x4)

.ARM            0x0800436c        0x0
                0x0800436c                        . = ALIGN (0x4)
                0x0800436c                        __exidx_start = .
 *(.ARM.exidx*)
                0x0800436c                        __exidx_end = .
                0x0800436c                        . = ALIGN (0x4)

.preinit_array  0x0800436c        0x0
                0x0800436c                        . = ALIGN (0x4)
                0x0800436c                        PROVIDE (__preinit_array_start = .)
 *(.preinit_array*)
                0x0800436c                        PROVIDE (__preinit_array_end = .)
                0x0800436c                        . = ALIGN (0x4)

.init_array     0x0800436c        0x4
                0x0800436c                        . = ALIGN (0x4)
                0x0800436c                        PROVIDE (__init_array_start = .)
 *(SORT_BY_NAME(.init_array.*))
 *(.init_array*)
 .init_array    0x0800436c        0x4 D:/STM32CubeIDE_1.19.0/STM32CubeIDE/plugins/com.st.stm32cube.ide.mcu.externaltools.gnu-tools-for-stm32.13.3.rel1.win32_1.0.0.202411081344/tools/bin/../lib/gcc/arm-none-eabi/13.3.1/thumb/v6-m/nofp/crtbegin.o
                0x08004370                        PROVIDE (__init_array_end = .)
                0x08004370                        . = ALIGN (0x4)

.fini_array     0x08004370        0x4
                0x08004370                        . = ALIGN (0x4)
                [!provide]                        PROVIDE (__fini_array_start = .)
 *(SORT_BY_NAME(.fini_array.*))
 *(.fini_array*)
 .fini_array    0x08004370        0x4 D:/STM32CubeIDE_1.19.0/STM32CubeIDE/plugins/com.st.stm32cube.ide.mcu.externaltools.gnu-tools-for-stm32.13.3.rel1.win32_1.0.0.202411081344/tools/bin/../lib/gcc/arm-none-eabi/13.3.1/thumb/v6-m/nofp/crtbegin.o
                [!provide]                        PROVIDE (__fini_array_end = .)
                0x08004374                        . = ALIGN (0x4)
                0x08004374                        _sidata = LOADADDR (.data)

.rel.dyn        0x08004374        0x0
 .rel.iplt      0x08004374        0x0 D:/STM32CubeIDE_1.19.0/STM32CubeIDE/plugins/com.st.stm32cube.ide.mcu.externaltools.gnu-tools-for-stm32.13.3.rel1.win32_1.0.0.202411081344/tools/bin/../lib/gcc/arm-none-eabi/13.3.1/thumb/v6-m/nofp/crtbegin.o

.data           0x20000000       0x24 load address 0x08004374
                0x20000000                        . = ALIGN (0x4)
                0x20000000                        _sdata = .
 *(.data)
 *(.data*)
 .data.SystemCoreClock
                0x20000000        0x4 ./Core/Src/system_stm32c0xx.o
                0x20000000                SystemCoreClock
 .data.COM_USART
                0x20000004        0x4 ./Drivers/BSP/STM32C0xx_Nucleo/stm32c0xx_nucleo.o
                0x20000004                COM_USART
 .data.LED_PORT
                0x20000008        0x8 ./Drivers/BSP/STM32C0xx_Nucleo/stm32c0xx_nucleo.o
 .data.BUTTON_PORT
                0x20000010        0x4 ./Drivers/BSP/STM32C0xx_Nucleo/stm32c0xx_nucleo.o
 .data.ButtonCallback.1
                0x20000014        0x4 ./Drivers/BSP/STM32C0xx_Nucleo/stm32c0xx_nucleo.o
 .data.BSP_BUTTON_PRIO.0
                0x20000018        0x4 ./Drivers/BSP/STM32C0xx_Nucleo/stm32c0xx_nucleo.o
 .data.uwTickPrio
                0x2000001c        0x4 ./Drivers/STM32C0xx_HAL_Driver/Src/stm32c0xx_hal.o
                0x2000001c                uwTickPrio
 .data.uwTickFreq
                0x20000020        0x1 ./Drivers/STM32C0xx_HAL_Driver/Src/stm32c0xx_hal.o
                0x20000020                uwTickFreq
 *(.RamFunc)
 *(.RamFunc*)
                0x20000024                        . = ALIGN (0x4)
 *fill*         0x20000021        0x3 
                0x20000024                        _edata = .

.igot.plt       0x20000024        0x0 load address 0x08004398
 .igot.plt      0x20000024        0x0 D:/STM32CubeIDE_1.19.0/STM32CubeIDE/plugins/com.st.stm32cube.ide.mcu.externaltools.gnu-tools-for-stm32.13.3.rel1.win32_1.0.0.202411081344/tools/bin/../lib/gcc/arm-none-eabi/13.3.1/thumb/v6-m/nofp/crtbegin.o
                0x20000024                        . = ALIGN (0x4)

.bss            0x20000024      0x188 load address 0x08004398
                0x20000024                        _sbss = .
                0x20000024                        __bss_start__ = _sbss
 *(.bss)
 .bss           0x20000024       0x1c D:/STM32CubeIDE_1.19.0/STM32CubeIDE/plugins/com.st.stm32cube.ide.mcu.externaltools.gnu-tools-for-stm32.13.3.rel1.win32_1.0.0.202411081344/tools/bin/../lib/gcc/arm-none-eabi/13.3.1/thumb/v6-m/nofp/crtbegin.o
 *(.bss*)
 .bss.BspCOMInit
                0x20000040       0x10 ./Core/Src/main.o
                0x20000040                BspCOMInit
 .bss.hadc1     0x20000050       0x64 ./Core/Src/main.o
                0x20000050                hadc1
 .bss.htim3     0x200000b4       0x4c ./Core/Src/main.o
                0x200000b4                htim3
 .bss.adc_value
                0x20000100        0x4 ./Core/Src/main.o
                0x20000100                adc_value
 .bss.pwm_value
                0x20000104        0x4 ./Core/Src/main.o
                0x20000104                pwm_value
 .bss.hpb_exti  0x20000108        0xc ./Drivers/BSP/STM32C0xx_Nucleo/stm32c0xx_nucleo.o
                0x20000108                hpb_exti
 .bss.hcom_uart
                0x20000114       0x94 ./Drivers/BSP/STM32C0xx_Nucleo/stm32c0xx_nucleo.o
                0x20000114                hcom_uart
 .bss.uwTick    0x200001a8        0x4 ./Drivers/STM32C0xx_HAL_Driver/Src/stm32c0xx_hal.o
                0x200001a8                uwTick
 *(COMMON)
                0x200001ac                        . = ALIGN (0x4)
                0x200001ac                        _ebss = .
                0x200001ac                        __bss_end__ = _ebss

._user_heap_stack
                0x200001ac      0x604 load address 0x08004398
                0x200001b0                        . = ALIGN (0x8)
 *fill*         0x200001ac        0x4 
                [!provide]                        PROVIDE (end = .)
                0x200001b0                        PROVIDE (_end = .)
                0x200003b0                        . = (. + _Min_Heap_Size)
 *fill*         0x200001b0      0x200 
                0x200007b0                        . = (. + _Min_Stack_Size)
 *fill*         0x200003b0      0x400 
                0x200007b0                        . = ALIGN (0x8)

/DISCARD/
 libc.a(*)
 libm.a(*)
 libgcc.a(*)

.ARM.attributes
                0x00000000       0x28
 *(.ARM.attributes)
 .ARM.attributes
                0x00000000       0x1e D:/STM32CubeIDE_1.19.0/STM32CubeIDE/plugins/com.st.stm32cube.ide.mcu.externaltools.gnu-tools-for-stm32.13.3.rel1.win32_1.0.0.202411081344/tools/bin/../lib/gcc/arm-none-eabi/13.3.1/thumb/v6-m/nofp/crti.o
 .ARM.attributes
                0x0000001e       0x2c D:/STM32CubeIDE_1.19.0/STM32CubeIDE/plugins/com.st.stm32cube.ide.mcu.externaltools.gnu-tools-for-stm32.13.3.rel1.win32_1.0.0.202411081344/tools/bin/../lib/gcc/arm-none-eabi/13.3.1/thumb/v6-m/nofp/crtbegin.o
 .ARM.attributes
                0x0000004a       0x2c ./Core/Src/main.o
 .ARM.attributes
                0x00000076       0x2c ./Core/Src/stm32c0xx_hal_msp.o
 .ARM.attributes
                0x000000a2       0x2c ./Core/Src/stm32c0xx_it.o
 .ARM.attributes
                0x000000ce       0x2c ./Core/Src/system_stm32c0xx.o
 .ARM.attributes
                0x000000fa       0x22 ./Core/Startup/startup_stm32c071rbtx.o
 .ARM.attributes
                0x0000011c       0x2c ./Drivers/BSP/STM32C0xx_Nucleo/stm32c0xx_nucleo.o
 .ARM.attributes
                0x00000148       0x2c ./Drivers/STM32C0xx_HAL_Driver/Src/stm32c0xx_hal.o
 .ARM.attributes
                0x00000174       0x2c ./Drivers/STM32C0xx_HAL_Driver/Src/stm32c0xx_hal_adc.o
 .ARM.attributes
                0x000001a0       0x2c ./Drivers/STM32C0xx_HAL_Driver/Src/stm32c0xx_hal_cortex.o
 .ARM.attributes
                0x000001cc       0x2c ./Drivers/STM32C0xx_HAL_Driver/Src/stm32c0xx_hal_exti.o
 .ARM.attributes
                0x000001f8       0x2c ./Drivers/STM32C0xx_HAL_Driver/Src/stm32c0xx_hal_gpio.o
 .ARM.attributes
                0x00000224       0x2c ./Drivers/STM32C0xx_HAL_Driver/Src/stm32c0xx_hal_rcc.o
 .ARM.attributes
                0x00000250       0x2c ./Drivers/STM32C0xx_HAL_Driver/Src/stm32c0xx_hal_rcc_ex.o
 .ARM.attributes
                0x0000027c       0x2c ./Drivers/STM32C0xx_HAL_Driver/Src/stm32c0xx_hal_tim.o
 .ARM.attributes
                0x000002a8       0x2c ./Drivers/STM32C0xx_HAL_Driver/Src/stm32c0xx_hal_tim_ex.o
 .ARM.attributes
                0x000002d4       0x2c ./Drivers/STM32C0xx_HAL_Driver/Src/stm32c0xx_hal_uart.o
 .ARM.attributes
                0x00000300       0x2c D:/STM32CubeIDE_1.19.0/STM32CubeIDE/plugins/com.st.stm32cube.ide.mcu.externaltools.gnu-tools-for-stm32.13.3.rel1.win32_1.0.0.202411081344/tools/bin/../lib/gcc/arm-none-eabi/13.3.1/../../../../arm-none-eabi/lib/thumb/v6-m/nofp\libc_nano.a(libc_a-memset.o)
 .ARM.attributes
                0x0000032c       0x2c D:/STM32CubeIDE_1.19.0/STM32CubeIDE/plugins/com.st.stm32cube.ide.mcu.externaltools.gnu-tools-for-stm32.13.3.rel1.win32_1.0.0.202411081344/tools/bin/../lib/gcc/arm-none-eabi/13.3.1/../../../../arm-none-eabi/lib/thumb/v6-m/nofp\libc_nano.a(libc_a-init.o)
 .ARM.attributes
                0x00000358       0x1e D:/STM32CubeIDE_1.19.0/STM32CubeIDE/plugins/com.st.stm32cube.ide.mcu.externaltools.gnu-tools-for-stm32.13.3.rel1.win32_1.0.0.202411081344/tools/bin/../lib/gcc/arm-none-eabi/13.3.1/thumb/v6-m/nofp\libgcc.a(_udivsi3.o)
 .ARM.attributes
                0x00000376       0x1e D:/STM32CubeIDE_1.19.0/STM32CubeIDE/plugins/com.st.stm32cube.ide.mcu.externaltools.gnu-tools-for-stm32.13.3.rel1.win32_1.0.0.202411081344/tools/bin/../lib/gcc/arm-none-eabi/13.3.1/thumb/v6-m/nofp\libgcc.a(_dvmd_tls.o)
 .ARM.attributes
                0x00000394       0x1e D:/STM32CubeIDE_1.19.0/STM32CubeIDE/plugins/com.st.stm32cube.ide.mcu.externaltools.gnu-tools-for-stm32.13.3.rel1.win32_1.0.0.202411081344/tools/bin/../lib/gcc/arm-none-eabi/13.3.1/thumb/v6-m/nofp/crtn.o
OUTPUT(ADC.elf elf32-littlearm)
LOAD linker stubs
LOAD D:/STM32CubeIDE_1.19.0/STM32CubeIDE/plugins/com.st.stm32cube.ide.mcu.externaltools.gnu-tools-for-stm32.13.3.rel1.win32_1.0.0.202411081344/tools/bin/../lib/gcc/arm-none-eabi/13.3.1/../../../../arm-none-eabi/lib/thumb/v6-m/nofp\libc.a
LOAD D:/STM32CubeIDE_1.19.0/STM32CubeIDE/plugins/com.st.stm32cube.ide.mcu.externaltools.gnu-tools-for-stm32.13.3.rel1.win32_1.0.0.202411081344/tools/bin/../lib/gcc/arm-none-eabi/13.3.1/../../../../arm-none-eabi/lib/thumb/v6-m/nofp\libm.a
LOAD D:/STM32CubeIDE_1.19.0/STM32CubeIDE/plugins/com.st.stm32cube.ide.mcu.externaltools.gnu-tools-for-stm32.13.3.rel1.win32_1.0.0.202411081344/tools/bin/../lib/gcc/arm-none-eabi/13.3.1/thumb/v6-m/nofp\libgcc.a

.debug_info     0x00000000    0x10e06
 .debug_info    0x00000000     0x1461 ./Core/Src/main.o
 .debug_info    0x00001461      0xf84 ./Core/Src/stm32c0xx_hal_msp.o
 .debug_info    0x000023e5      0x122 ./Core/Src/stm32c0xx_it.o
 .debug_info    0x00002507      0x381 ./Core/Src/system_stm32c0xx.o
 .debug_info    0x00002888       0x30 ./Core/Startup/startup_stm32c071rbtx.o
 .debug_info    0x000028b8     0x154f ./Drivers/BSP/STM32C0xx_Nucleo/stm32c0xx_nucleo.o
 .debug_info    0x00003e07      0x85e ./Drivers/STM32C0xx_HAL_Driver/Src/stm32c0xx_hal.o
 .debug_info    0x00004665     0x1565 ./Drivers/STM32C0xx_HAL_Driver/Src/stm32c0xx_hal_adc.o
 .debug_info    0x00005bca      0x899 ./Drivers/STM32C0xx_HAL_Driver/Src/stm32c0xx_hal_cortex.o
 .debug_info    0x00006463      0x69a ./Drivers/STM32C0xx_HAL_Driver/Src/stm32c0xx_hal_exti.o
 .debug_info    0x00006afd      0x612 ./Drivers/STM32C0xx_HAL_Driver/Src/stm32c0xx_hal_gpio.o
 .debug_info    0x0000710f      0x923 ./Drivers/STM32C0xx_HAL_Driver/Src/stm32c0xx_hal_rcc.o
 .debug_info    0x00007a32      0x7c1 ./Drivers/STM32C0xx_HAL_Driver/Src/stm32c0xx_hal_rcc_ex.o
 .debug_info    0x000081f3     0x2b65 ./Drivers/STM32C0xx_HAL_Driver/Src/stm32c0xx_hal_tim.o
 .debug_info    0x0000ad58     0x1878 ./Drivers/STM32C0xx_HAL_Driver/Src/stm32c0xx_hal_tim_ex.o
 .debug_info    0x0000c5d0     0x4836 ./Drivers/STM32C0xx_HAL_Driver/Src/stm32c0xx_hal_uart.o

.debug_abbrev   0x00000000     0x21f0
 .debug_abbrev  0x00000000      0x2a0 ./Core/Src/main.o
 .debug_abbrev  0x000002a0      0x205 ./Core/Src/stm32c0xx_hal_msp.o
 .debug_abbrev  0x000004a5       0xbc ./Core/Src/stm32c0xx_it.o
 .debug_abbrev  0x00000561      0x119 ./Core/Src/system_stm32c0xx.o
 .debug_abbrev  0x0000067a       0x24 ./Core/Startup/startup_stm32c071rbtx.o
 .debug_abbrev  0x0000069e      0x326 ./Drivers/BSP/STM32C0xx_Nucleo/stm32c0xx_nucleo.o
 .debug_abbrev  0x000009c4      0x2cb ./Drivers/STM32C0xx_HAL_Driver/Src/stm32c0xx_hal.o
 .debug_abbrev  0x00000c8f      0x256 ./Drivers/STM32C0xx_HAL_Driver/Src/stm32c0xx_hal_adc.o
 .debug_abbrev  0x00000ee5      0x2b7 ./Drivers/STM32C0xx_HAL_Driver/Src/stm32c0xx_hal_cortex.o
 .debug_abbrev  0x0000119c      0x165 ./Drivers/STM32C0xx_HAL_Driver/Src/stm32c0xx_hal_exti.o
 .debug_abbrev  0x00001301      0x1d6 ./Drivers/STM32C0xx_HAL_Driver/Src/stm32c0xx_hal_gpio.o
 .debug_abbrev  0x000014d7      0x28c ./Drivers/STM32C0xx_HAL_Driver/Src/stm32c0xx_hal_rcc.o
 .debug_abbrev  0x00001763      0x245 ./Drivers/STM32C0xx_HAL_Driver/Src/stm32c0xx_hal_rcc_ex.o
 .debug_abbrev  0x000019a8      0x28a ./Drivers/STM32C0xx_HAL_Driver/Src/stm32c0xx_hal_tim.o
 .debug_abbrev  0x00001c32      0x2aa ./Drivers/STM32C0xx_HAL_Driver/Src/stm32c0xx_hal_tim_ex.o
 .debug_abbrev  0x00001edc      0x314 ./Drivers/STM32C0xx_HAL_Driver/Src/stm32c0xx_hal_uart.o

.debug_aranges  0x00000000      0xf88
 .debug_aranges
                0x00000000       0x48 ./Core/Src/main.o
 .debug_aranges
                0x00000048       0x48 ./Core/Src/stm32c0xx_hal_msp.o
 .debug_aranges
                0x00000090       0x48 ./Core/Src/stm32c0xx_it.o
 .debug_aranges
                0x000000d8       0x28 ./Core/Src/system_stm32c0xx.o
 .debug_aranges
                0x00000100       0x28 ./Core/Startup/startup_stm32c071rbtx.o
 .debug_aranges
                0x00000128       0xc8 ./Drivers/BSP/STM32C0xx_Nucleo/stm32c0xx_nucleo.o
 .debug_aranges
                0x000001f0      0x100 ./Drivers/STM32C0xx_HAL_Driver/Src/stm32c0xx_hal.o
 .debug_aranges
                0x000002f0      0x200 ./Drivers/STM32C0xx_HAL_Driver/Src/stm32c0xx_hal_adc.o
 .debug_aranges
                0x000004f0       0xe8 ./Drivers/STM32C0xx_HAL_Driver/Src/stm32c0xx_hal_cortex.o
 .debug_aranges
                0x000005d8       0x60 ./Drivers/STM32C0xx_HAL_Driver/Src/stm32c0xx_hal_exti.o
 .debug_aranges
                0x00000638       0x68 ./Drivers/STM32C0xx_HAL_Driver/Src/stm32c0xx_hal_gpio.o
 .debug_aranges
                0x000006a0       0xa0 ./Drivers/STM32C0xx_HAL_Driver/Src/stm32c0xx_hal_rcc.o
 .debug_aranges
                0x00000740       0x88 ./Drivers/STM32C0xx_HAL_Driver/Src/stm32c0xx_hal_rcc_ex.o
 .debug_aranges
                0x000007c8      0x3e0 ./Drivers/STM32C0xx_HAL_Driver/Src/stm32c0xx_hal_tim.o
 .debug_aranges
                0x00000ba8      0x198 ./Drivers/STM32C0xx_HAL_Driver/Src/stm32c0xx_hal_tim_ex.o
 .debug_aranges
                0x00000d40      0x248 ./Drivers/STM32C0xx_HAL_Driver/Src/stm32c0xx_hal_uart.o

.debug_rnglists
                0x00000000      0xc35
 .debug_rnglists
                0x00000000       0x35 ./Core/Src/main.o
 .debug_rnglists
                0x00000035       0x32 ./Core/Src/stm32c0xx_hal_msp.o
 .debug_rnglists
                0x00000067       0x31 ./Core/Src/stm32c0xx_it.o
 .debug_rnglists
                0x00000098       0x1a ./Core/Src/system_stm32c0xx.o
 .debug_rnglists
                0x000000b2       0x19 ./Core/Startup/startup_stm32c071rbtx.o
 .debug_rnglists
                0x000000cb       0x95 ./Drivers/BSP/STM32C0xx_Nucleo/stm32c0xx_nucleo.o
 .debug_rnglists
                0x00000160       0xbc ./Drivers/STM32C0xx_HAL_Driver/Src/stm32c0xx_hal.o
 .debug_rnglists
                0x0000021c      0x18a ./Drivers/STM32C0xx_HAL_Driver/Src/stm32c0xx_hal_adc.o
 .debug_rnglists
                0x000003a6       0xaa ./Drivers/STM32C0xx_HAL_Driver/Src/stm32c0xx_hal_cortex.o
 .debug_rnglists
                0x00000450       0x47 ./Drivers/STM32C0xx_HAL_Driver/Src/stm32c0xx_hal_exti.o
 .debug_rnglists
                0x00000497       0x4b ./Drivers/STM32C0xx_HAL_Driver/Src/stm32c0xx_hal_gpio.o
 .debug_rnglists
                0x000004e2       0x79 ./Drivers/STM32C0xx_HAL_Driver/Src/stm32c0xx_hal_rcc.o
 .debug_rnglists
                0x0000055b       0x67 ./Drivers/STM32C0xx_HAL_Driver/Src/stm32c0xx_hal_rcc_ex.o
 .debug_rnglists
                0x000005c2      0x32a ./Drivers/STM32C0xx_HAL_Driver/Src/stm32c0xx_hal_tim.o
 .debug_rnglists
                0x000008ec      0x14e ./Drivers/STM32C0xx_HAL_Driver/Src/stm32c0xx_hal_tim_ex.o
 .debug_rnglists
                0x00000a3a      0x1fb ./Drivers/STM32C0xx_HAL_Driver/Src/stm32c0xx_hal_uart.o

.debug_macro    0x00000000    0x17295
 .debug_macro   0x00000000      0x2fb ./Core/Src/main.o
 .debug_macro   0x000002fb      0xab4 ./Core/Src/main.o
 .debug_macro   0x00000daf       0x2e ./Core/Src/main.o
 .debug_macro   0x00000ddd       0x28 ./Core/Src/main.o
 .debug_macro   0x00000e05       0x22 ./Core/Src/main.o
 .debug_macro   0x00000e27       0x8e ./Core/Src/main.o
 .debug_macro   0x00000eb5       0x51 ./Core/Src/main.o
 .debug_macro   0x00000f06      0x103 ./Core/Src/main.o
 .debug_macro   0x00001009       0x6a ./Core/Src/main.o
 .debug_macro   0x00001073      0x1df ./Core/Src/main.o
 .debug_macro   0x00001252       0x1c ./Core/Src/main.o
 .debug_macro   0x0000126e       0x22 ./Core/Src/main.o
 .debug_macro   0x00001290       0xd1 ./Core/Src/main.o
 .debug_macro   0x00001361      0x4da ./Core/Src/main.o
 .debug_macro   0x0000183b      0x11f ./Core/Src/main.o
 .debug_macro   0x0000195a     0xa7e1 ./Core/Src/main.o
 .debug_macro   0x0000c13b       0x6d ./Core/Src/main.o
 .debug_macro   0x0000c1a8      0x190 ./Core/Src/main.o
 .debug_macro   0x0000c338       0xef ./Core/Src/main.o
 .debug_macro   0x0000c427     0x3440 ./Core/Src/main.o
 .debug_macro   0x0000f867      0x190 ./Core/Src/main.o
 .debug_macro   0x0000f9f7       0x5b ./Core/Src/main.o
 .debug_macro   0x0000fa52      0x422 ./Core/Src/main.o
 .debug_macro   0x0000fe74      0xd59 ./Core/Src/main.o
 .debug_macro   0x00010bcd      0x30c ./Core/Src/main.o
 .debug_macro   0x00010ed9      0x15f ./Core/Src/main.o
 .debug_macro   0x00011038      0x208 ./Core/Src/main.o
 .debug_macro   0x00011240      0x2e2 ./Core/Src/main.o
 .debug_macro   0x00011522      0x18b ./Core/Src/main.o
 .debug_macro   0x000116ad       0x43 ./Core/Src/main.o
 .debug_macro   0x000116f0      0x1f1 ./Core/Src/main.o
 .debug_macro   0x000118e1      0x924 ./Core/Src/main.o
 .debug_macro   0x00012205      0x5de ./Core/Src/main.o
 .debug_macro   0x000127e3       0x2e ./Core/Src/main.o
 .debug_macro   0x00012811      0x1cf ./Core/Src/main.o
 .debug_macro   0x000129e0      0x37c ./Core/Src/main.o
 .debug_macro   0x00012d5c       0x28 ./Core/Src/main.o
 .debug_macro   0x00012d84       0xb3 ./Core/Src/main.o
 .debug_macro   0x00012e37      0x124 ./Core/Src/main.o
 .debug_macro   0x00012f5b      0x1b0 ./Core/Src/main.o
 .debug_macro   0x0001310b      0xab4 ./Core/Src/main.o
 .debug_macro   0x00013bbf       0xf1 ./Core/Src/main.o
 .debug_macro   0x00013cb0      0x67e ./Core/Src/main.o
 .debug_macro   0x0001432e       0xa6 ./Core/Src/main.o
 .debug_macro   0x000143d4      0x417 ./Core/Src/main.o
 .debug_macro   0x000147eb       0x22 ./Core/Src/main.o
 .debug_macro   0x0001480d       0x52 ./Core/Src/main.o
 .debug_macro   0x0001485f       0x61 ./Core/Src/main.o
 .debug_macro   0x000148c0       0x24 ./Core/Src/main.o
 .debug_macro   0x000148e4       0x43 ./Core/Src/main.o
 .debug_macro   0x00014927       0x34 ./Core/Src/main.o
 .debug_macro   0x0001495b       0x16 ./Core/Src/main.o
 .debug_macro   0x00014971       0x3c ./Core/Src/main.o
 .debug_macro   0x000149ad      0x370 ./Core/Src/main.o
 .debug_macro   0x00014d1d       0x10 ./Core/Src/main.o
 .debug_macro   0x00014d2d       0x16 ./Core/Src/main.o
 .debug_macro   0x00014d43       0x4a ./Core/Src/main.o
 .debug_macro   0x00014d8d       0x34 ./Core/Src/main.o
 .debug_macro   0x00014dc1       0x10 ./Core/Src/main.o
 .debug_macro   0x00014dd1       0x58 ./Core/Src/main.o
 .debug_macro   0x00014e29       0x8e ./Core/Src/main.o
 .debug_macro   0x00014eb7       0x1c ./Core/Src/main.o
 .debug_macro   0x00014ed3      0x185 ./Core/Src/main.o
 .debug_macro   0x00015058       0x16 ./Core/Src/main.o
 .debug_macro   0x0001506e       0x16 ./Core/Src/main.o
 .debug_macro   0x00015084      0x146 ./Core/Src/main.o
 .debug_macro   0x000151ca      0x10e ./Core/Src/main.o
 .debug_macro   0x000152d8      0x2fb ./Core/Src/stm32c0xx_hal_msp.o
 .debug_macro   0x000155d3      0x305 ./Core/Src/stm32c0xx_it.o
 .debug_macro   0x000158d8      0x1fe ./Core/Src/system_stm32c0xx.o
 .debug_macro   0x00015ad6      0x2fd ./Drivers/BSP/STM32C0xx_Nucleo/stm32c0xx_nucleo.o
 .debug_macro   0x00015dd3       0x1c ./Drivers/BSP/STM32C0xx_Nucleo/stm32c0xx_nucleo.o
 .debug_macro   0x00015def      0x216 ./Drivers/STM32C0xx_HAL_Driver/Src/stm32c0xx_hal.o
 .debug_macro   0x00016005      0x21c ./Drivers/STM32C0xx_HAL_Driver/Src/stm32c0xx_hal_adc.o
 .debug_macro   0x00016221      0x1f8 ./Drivers/STM32C0xx_HAL_Driver/Src/stm32c0xx_hal_cortex.o
 .debug_macro   0x00016419      0x204 ./Drivers/STM32C0xx_HAL_Driver/Src/stm32c0xx_hal_exti.o
 .debug_macro   0x0001661d      0x22d ./Drivers/STM32C0xx_HAL_Driver/Src/stm32c0xx_hal_gpio.o
 .debug_macro   0x0001684a      0x22e ./Drivers/STM32C0xx_HAL_Driver/Src/stm32c0xx_hal_rcc.o
 .debug_macro   0x00016a78      0x20a ./Drivers/STM32C0xx_HAL_Driver/Src/stm32c0xx_hal_rcc_ex.o
 .debug_macro   0x00016c82      0x200 ./Drivers/STM32C0xx_HAL_Driver/Src/stm32c0xx_hal_tim.o
 .debug_macro   0x00016e82      0x1fe ./Drivers/STM32C0xx_HAL_Driver/Src/stm32c0xx_hal_tim_ex.o
 .debug_macro   0x00017080      0x215 ./Drivers/STM32C0xx_HAL_Driver/Src/stm32c0xx_hal_uart.o

.debug_line     0x00000000    0x12763
 .debug_line    0x00000000      0xb22 ./Core/Src/main.o
 .debug_line    0x00000b22      0xa30 ./Core/Src/stm32c0xx_hal_msp.o
 .debug_line    0x00001552      0x9de ./Core/Src/stm32c0xx_it.o
 .debug_line    0x00001f30      0x812 ./Core/Src/system_stm32c0xx.o
 .debug_line    0x00002742       0x7d ./Core/Startup/startup_stm32c071rbtx.o
 .debug_line    0x000027bf      0xd0f ./Drivers/BSP/STM32C0xx_Nucleo/stm32c0xx_nucleo.o
 .debug_line    0x000034ce      0xae5 ./Drivers/STM32C0xx_HAL_Driver/Src/stm32c0xx_hal.o
 .debug_line    0x00003fb3     0x1a26 ./Drivers/STM32C0xx_HAL_Driver/Src/stm32c0xx_hal_adc.o
 .debug_line    0x000059d9      0xc00 ./Drivers/STM32C0xx_HAL_Driver/Src/stm32c0xx_hal_cortex.o
 .debug_line    0x000065d9      0xb70 ./Drivers/STM32C0xx_HAL_Driver/Src/stm32c0xx_hal_exti.o
 .debug_line    0x00007149      0xbfd ./Drivers/STM32C0xx_HAL_Driver/Src/stm32c0xx_hal_gpio.o
 .debug_line    0x00007d46      0xe91 ./Drivers/STM32C0xx_HAL_Driver/Src/stm32c0xx_hal_rcc.o
 .debug_line    0x00008bd7      0xca0 ./Drivers/STM32C0xx_HAL_Driver/Src/stm32c0xx_hal_rcc_ex.o
 .debug_line    0x00009877     0x3c72 ./Drivers/STM32C0xx_HAL_Driver/Src/stm32c0xx_hal_tim.o
 .debug_line    0x0000d4e9     0x1bf7 ./Drivers/STM32C0xx_HAL_Driver/Src/stm32c0xx_hal_tim_ex.o
 .debug_line    0x0000f0e0     0x3683 ./Drivers/STM32C0xx_HAL_Driver/Src/stm32c0xx_hal_uart.o

.debug_str      0x00000000    0x95c16
 .debug_str     0x00000000    0x95c16 ./Core/Src/main.o
                              0x921b2 (size before relaxing)
 .debug_str     0x00095c16    0x91d52 ./Core/Src/stm32c0xx_hal_msp.o
 .debug_str     0x00095c16    0x91298 ./Core/Src/stm32c0xx_it.o
 .debug_str     0x00095c16    0x8d3bc ./Core/Src/system_stm32c0xx.o
 .debug_str     0x00095c16       0x8e ./Core/Startup/startup_stm32c071rbtx.o
 .debug_str     0x00095c16    0x9203f ./Drivers/BSP/STM32C0xx_Nucleo/stm32c0xx_nucleo.o
 .debug_str     0x00095c16    0x8da09 ./Drivers/STM32C0xx_HAL_Driver/Src/stm32c0xx_hal.o
 .debug_str     0x00095c16    0x8e17f ./Drivers/STM32C0xx_HAL_Driver/Src/stm32c0xx_hal_adc.o
 .debug_str     0x00095c16    0x8d81f ./Drivers/STM32C0xx_HAL_Driver/Src/stm32c0xx_hal_cortex.o
 .debug_str     0x00095c16    0x8d55c ./Drivers/STM32C0xx_HAL_Driver/Src/stm32c0xx_hal_exti.o
 .debug_str     0x00095c16    0x8d5d8 ./Drivers/STM32C0xx_HAL_Driver/Src/stm32c0xx_hal_gpio.o
 .debug_str     0x00095c16    0x8d9e1 ./Drivers/STM32C0xx_HAL_Driver/Src/stm32c0xx_hal_rcc.o
 .debug_str     0x00095c16    0x8d846 ./Drivers/STM32C0xx_HAL_Driver/Src/stm32c0xx_hal_rcc_ex.o
 .debug_str     0x00095c16    0x8e8e1 ./Drivers/STM32C0xx_HAL_Driver/Src/stm32c0xx_hal_tim.o
 .debug_str     0x00095c16    0x8e26f ./Drivers/STM32C0xx_HAL_Driver/Src/stm32c0xx_hal_tim_ex.o
 .debug_str     0x00095c16    0x8e30c ./Drivers/STM32C0xx_HAL_Driver/Src/stm32c0xx_hal_uart.o

.comment        0x00000000       0x43
 .comment       0x00000000       0x43 ./Core/Src/main.o
                                 0x44 (size before relaxing)
 .comment       0x00000043       0x44 ./Core/Src/stm32c0xx_hal_msp.o
 .comment       0x00000043       0x44 ./Core/Src/stm32c0xx_it.o
 .comment       0x00000043       0x44 ./Core/Src/system_stm32c0xx.o
 .comment       0x00000043       0x44 ./Drivers/BSP/STM32C0xx_Nucleo/stm32c0xx_nucleo.o
 .comment       0x00000043       0x44 ./Drivers/STM32C0xx_HAL_Driver/Src/stm32c0xx_hal.o
 .comment       0x00000043       0x44 ./Drivers/STM32C0xx_HAL_Driver/Src/stm32c0xx_hal_adc.o
 .comment       0x00000043       0x44 ./Drivers/STM32C0xx_HAL_Driver/Src/stm32c0xx_hal_cortex.o
 .comment       0x00000043       0x44 ./Drivers/STM32C0xx_HAL_Driver/Src/stm32c0xx_hal_exti.o
 .comment       0x00000043       0x44 ./Drivers/STM32C0xx_HAL_Driver/Src/stm32c0xx_hal_gpio.o
 .comment       0x00000043       0x44 ./Drivers/STM32C0xx_HAL_Driver/Src/stm32c0xx_hal_rcc.o
 .comment       0x00000043       0x44 ./Drivers/STM32C0xx_HAL_Driver/Src/stm32c0xx_hal_rcc_ex.o
 .comment       0x00000043       0x44 ./Drivers/STM32C0xx_HAL_Driver/Src/stm32c0xx_hal_tim.o
 .comment       0x00000043       0x44 ./Drivers/STM32C0xx_HAL_Driver/Src/stm32c0xx_hal_tim_ex.o
 .comment       0x00000043       0x44 ./Drivers/STM32C0xx_HAL_Driver/Src/stm32c0xx_hal_uart.o

.debug_frame    0x00000000     0x38c0
 .debug_frame   0x00000000       0xc8 ./Core/Src/main.o
 .debug_frame   0x000000c8       0xd0 ./Core/Src/stm32c0xx_hal_msp.o
 .debug_frame   0x00000198       0xb8 ./Core/Src/stm32c0xx_it.o
 .debug_frame   0x00000250       0x4c ./Core/Src/system_stm32c0xx.o
 .debug_frame   0x0000029c      0x2c0 ./Drivers/BSP/STM32C0xx_Nucleo/stm32c0xx_nucleo.o
 .debug_frame   0x0000055c      0x368 ./Drivers/STM32C0xx_HAL_Driver/Src/stm32c0xx_hal.o
 .debug_frame   0x000008c4      0x7d0 ./Drivers/STM32C0xx_HAL_Driver/Src/stm32c0xx_hal_adc.o
 .debug_frame   0x00001094      0x33c ./Drivers/STM32C0xx_HAL_Driver/Src/stm32c0xx_hal_cortex.o
 .debug_frame   0x000013d0      0x130 ./Drivers/STM32C0xx_HAL_Driver/Src/stm32c0xx_hal_exti.o
 .debug_frame   0x00001500      0x150 ./Drivers/STM32C0xx_HAL_Driver/Src/stm32c0xx_hal_gpio.o
 .debug_frame   0x00001650      0x214 ./Drivers/STM32C0xx_HAL_Driver/Src/stm32c0xx_hal_rcc.o
 .debug_frame   0x00001864      0x1bc ./Drivers/STM32C0xx_HAL_Driver/Src/stm32c0xx_hal_rcc_ex.o
 .debug_frame   0x00001a20      0xf40 ./Drivers/STM32C0xx_HAL_Driver/Src/stm32c0xx_hal_tim.o
 .debug_frame   0x00002960      0x620 ./Drivers/STM32C0xx_HAL_Driver/Src/stm32c0xx_hal_tim_ex.o
 .debug_frame   0x00002f80      0x8d4 ./Drivers/STM32C0xx_HAL_Driver/Src/stm32c0xx_hal_uart.o
 .debug_frame   0x00003854       0x20 D:/STM32CubeIDE_1.19.0/STM32CubeIDE/plugins/com.st.stm32cube.ide.mcu.externaltools.gnu-tools-for-stm32.13.3.rel1.win32_1.0.0.202411081344/tools/bin/../lib/gcc/arm-none-eabi/13.3.1/../../../../arm-none-eabi/lib/thumb/v6-m/nofp\libc_nano.a(libc_a-memset.o)
 .debug_frame   0x00003874       0x2c D:/STM32CubeIDE_1.19.0/STM32CubeIDE/plugins/com.st.stm32cube.ide.mcu.externaltools.gnu-tools-for-stm32.13.3.rel1.win32_1.0.0.202411081344/tools/bin/../lib/gcc/arm-none-eabi/13.3.1/../../../../arm-none-eabi/lib/thumb/v6-m/nofp\libc_nano.a(libc_a-init.o)
 .debug_frame   0x000038a0       0x20 D:/STM32CubeIDE_1.19.0/STM32CubeIDE/plugins/com.st.stm32cube.ide.mcu.externaltools.gnu-tools-for-stm32.13.3.rel1.win32_1.0.0.202411081344/tools/bin/../lib/gcc/arm-none-eabi/13.3.1/thumb/v6-m/nofp\libgcc.a(_udivsi3.o)

.debug_line_str
                0x00000000       0x72
 .debug_line_str
                0x00000000       0x72 ./Core/Startup/startup_stm32c071rbtx.o
