10:10:35 **** Incremental Build of configuration Debug for project PULSE COUNT ****
make -j12 all 
arm-none-eabi-gcc "../Core/Src/main.c" -mcpu=cortex-m0plus -std=gnu11 -g3 -DDEBUG -DUSE_NUCLEO_64 -DUSE_HAL_DRIVER -DSTM32C071xx -c -I../Core/Inc -I../Drivers/STM32C0xx_HAL_Driver/Inc -I../Drivers/STM32C0xx_HAL_Driver/Inc/Legacy -I../Drivers/BSP/STM32C0xx_Nucleo -I../Drivers/CMSIS/Device/ST/STM32C0xx/Include -I../Drivers/CMSIS/Include -O0 -ffunction-sections -fdata-sections -Wall -fstack-usage -fcyclomatic-complexity -MMD -MP -MF"Core/Src/main.d" -MT"Core/Src/main.o" --specs=nano.specs -mfloat-abi=soft -mthumb -o "Core/Src/main.o"
arm-none-eabi-gcc -o "PULSE COUNT.elf" @"objects.list"   -mcpu=cortex-m0plus -T"D:\Strataroh_Git\25_SV09_Internship_Projects_FW\Asmita_04052026\PULSE COUNT\STM32C071RBTX_FLASH.ld" --specs=nosys.specs -Wl,-Map="PULSE COUNT.map" -Wl,--gc-sections -static --specs=nano.specs -mfloat-abi=soft -mthumb -Wl,--start-group -lc -lm -Wl,--end-group
Finished building target: PULSE COUNT.elf
 
arm-none-eabi-size  PULSE\ COUNT.elf 
arm-none-eabi-objdump -h -S PULSE\ COUNT.elf  > "PULSE COUNT.list"
   text	   data	    bss	    dec	    hex	filename
  18464	    128	   2176	  20768	   5120	PULSE COUNT.elf
Finished building: default.size.stdout
 
Finished building: PULSE COUNT.list
 

10:10:35 Build Finished. 0 errors, 0 warnings. (took 649ms)

